// Jest Snapshot v1, https://goo.gl/fbAQLP

exports[`Vuetable - HTML structure renders HTML table 1`] = `
<div
  class=""
>
  <!--v-if-->
  <div
    class="vuetable-body-wrapper"
  >
    <table
      class="vuetable ui blue selectable unstackable celled table fixed"
    >
      <colgroup>
        
        
        <col
          class="vuetable-col-code"
        />
        
        
        <col
          class="vuetable-col-description"
        />
        
        
        <!--v-if-->
      </colgroup>
      <thead>
        
        
        <tr>
          
          
          
          <th
            class="vuetable-th-code"
            id="_code"
          >
            Code
          </th>
          
          
          
          
          <th
            class="vuetable-th-description"
            id="_description"
          >
            Description
          </th>
          
          
          
          <!--v-if-->
        </tr>
        
        
      </thead>
      <tfoot>
        
        
      </tfoot>
      <tbody
        class="vuetable-body"
      >
        
        
        <tr>
          <td
            class="vuetable-empty-result"
            colspan="2"
          >
            No Data Available
          </td>
        </tr>
        
        
      </tbody>
    </table>
  </div>
</div>
`;
